// Jest Snapshot v1, https://goo.gl/fbAQLP

exports[`Snapshot 1`] = `
{
  "Parameters": {
    "BootstrapVersion": {
      "Default": "/cdk-bootstrap/hnb659fds/version",
      "Description": "Version of the CDK Bootstrap resources in this environment, automatically retrieved from SSM Parameter Store. [cdk:skip]",
      "Type": "AWS::SSM::Parameter::Value<String>",
    },
  },
  "Resources": {
    "AuditLogLogGroupCEC160CB": {
      "DeletionPolicy": "Retain",
      "Properties": {
        "KmsKeyId": {
          "Fn::GetAtt": [
            "AuditLogLogGroupKey169DA879",
            "Arn",
          ],
        },
        "RetentionInDays": 30,
      },
      "Type": "AWS::Logs::LogGroup",
      "UpdateReplacePolicy": "Retain",
    },
    "AuditLogLogGroupKey169DA879": {
      "DeletionPolicy": "Retain",
      "Properties": {
        "Description": "Encrypts CloudTrail destination CloudWatch Log Group",
        "EnableKeyRotation": true,
        "Enabled": true,
        "KeyPolicy": {
          "Statement": [
            {
              "Action": "kms:*",
              "Effect": "Allow",
              "Principal": {
                "AWS": {
                  "Fn::Join": [
                    "",
                    [
                      "arn:",
                      {
                        "Ref": "AWS::Partition",
                      },
                      ":iam::",
                      {
                        "Ref": "AWS::AccountId",
                      },
                      ":root",
                    ],
                  ],
                },
              },
              "Resource": "*",
            },
            {
              "Action": [
                "kms:Decrypt",
                "kms:Encrypt",
                "kms:ReEncrypt*",
                "kms:GenerateDataKey*",
                "kms:Describe*",
              ],
              "Condition": {
                "ArnLike": {
                  "kms:EncryptionContext:aws:logs:arn": {
                    "Fn::Join": [
                      "",
                      [
                        "arn:aws:logs:",
                        {
                          "Ref": "AWS::Region",
                        },
                        ":",
                        {
                          "Ref": "AWS::AccountId",
                        },
                        ":log-group:*",
                      ],
                    ],
                  },
                },
              },
              "Effect": "Allow",
              "Principal": {
                "Service": {
                  "Fn::Join": [
                    "",
                    [
                      "logs.",
                      {
                        "Ref": "AWS::Region",
                      },
                      ".amazonaws.com",
                    ],
                  ],
                },
              },
              "Resource": "*",
            },
          ],
          "Version": "2012-10-17",
        },
      },
      "Type": "AWS::KMS::Key",
      "UpdateReplacePolicy": "Retain",
    },
    "AuditLogStorage9B1900A2": {
      "DeletionPolicy": "Retain",
      "Properties": {
        "BucketEncryption": {
          "ServerSideEncryptionConfiguration": [
            {
              "BucketKeyEnabled": true,
              "ServerSideEncryptionByDefault": {
                "KMSMasterKeyID": {
                  "Fn::GetAtt": [
                    "AuditLogStorageKeyD95120E5",
                    "Arn",
                  ],
                },
                "SSEAlgorithm": "aws:kms",
              },
            },
          ],
        },
        "LifecycleConfiguration": {
          "Rules": [
            {
              "Status": "Enabled",
              "Transitions": [
                {
                  "StorageClass": "STANDARD_IA",
                  "TransitionInDays": 30,
                },
              ],
            },
          ],
        },
        "PublicAccessBlockConfiguration": {
          "BlockPublicAcls": true,
          "BlockPublicPolicy": true,
          "IgnorePublicAcls": true,
          "RestrictPublicBuckets": true,
        },
      },
      "Type": "AWS::S3::Bucket",
      "UpdateReplacePolicy": "Retain",
    },
    "AuditLogStorageKeyD95120E5": {
      "DeletionPolicy": "Retain",
      "Properties": {
        "Description": "Encrypts CloudTrail destination S3 bucket",
        "EnableKeyRotation": true,
        "Enabled": true,
        "KeyPolicy": {
          "Statement": [
            {
              "Action": "kms:*",
              "Effect": "Allow",
              "Principal": {
                "AWS": {
                  "Fn::Join": [
                    "",
                    [
                      "arn:",
                      {
                        "Ref": "AWS::Partition",
                      },
                      ":iam::",
                      {
                        "Ref": "AWS::AccountId",
                      },
                      ":root",
                    ],
                  ],
                },
              },
              "Resource": "*",
            },
            {
              "Action": [
                "kms:Decrypt",
                "kms:Encrypt",
                "kms:ReEncrypt*",
                "kms:GenerateDataKey*",
                "kms:DescribeKey",
              ],
              "Condition": {
                "StringLike": {
                  "aws:SourceArn": {
                    "Fn::Join": [
                      "",
                      [
                        "arn:aws:cloudtrail:",
                        {
                          "Ref": "AWS::Region",
                        },
                        ":",
                        {
                          "Ref": "AWS::AccountId",
                        },
                        ":trail/*",
                      ],
                    ],
                  },
                },
              },
              "Effect": "Allow",
              "Principal": {
                "Service": "cloudtrail.amazonaws.com",
              },
              "Resource": "*",
            },
          ],
          "Version": "2012-10-17",
        },
      },
      "Type": "AWS::KMS::Key",
      "UpdateReplacePolicy": "Retain",
    },
    "AuditLogStoragePolicy5919A257": {
      "Properties": {
        "Bucket": {
          "Ref": "AuditLogStorage9B1900A2",
        },
        "PolicyDocument": {
          "Statement": [
            {
              "Action": "s3:PutObject",
              "Condition": {
                "StringEquals": {
                  "s3:x-amz-acl": "bucket-owner-full-control",
                },
              },
              "Effect": "Allow",
              "Principal": {
                "Service": "cloudtrail.amazonaws.com",
              },
              "Resource": {
                "Fn::Join": [
                  "",
                  [
                    {
                      "Fn::GetAtt": [
                        "AuditLogStorage9B1900A2",
                        "Arn",
                      ],
                    },
                    "/AWSLogs/o-123/",
                    {
                      "Ref": "AWS::AccountId",
                    },
                    "/*",
                  ],
                ],
              },
            },
            {
              "Action": "s3:GetBucketAcl",
              "Effect": "Allow",
              "Principal": {
                "Service": "cloudtrail.amazonaws.com",
              },
              "Resource": {
                "Fn::GetAtt": [
                  "AuditLogStorage9B1900A2",
                  "Arn",
                ],
              },
            },
            {
              "Action": "s3:PutObject",
              "Condition": {
                "StringEquals": {
                  "s3:x-amz-acl": "bucket-owner-full-control",
                },
              },
              "Effect": "Allow",
              "Principal": {
                "Service": "cloudtrail.amazonaws.com",
              },
              "Resource": {
                "Fn::Join": [
                  "",
                  [
                    {
                      "Fn::GetAtt": [
                        "AuditLogStorage9B1900A2",
                        "Arn",
                      ],
                    },
                    "/AWSLogs/",
                    {
                      "Ref": "AWS::AccountId",
                    },
                    "/*",
                  ],
                ],
              },
            },
          ],
          "Version": "2012-10-17",
        },
      },
      "Type": "AWS::S3::BucketPolicy",
    },
    "AuditLogTrailEB39A870": {
      "DependsOn": [
        "AuditLogStoragePolicy5919A257",
        "AuditLogTrailLogsRoleDefaultPolicy1FE1E3B2",
        "AuditLogTrailLogsRole5C997FC2",
      ],
      "Properties": {
        "CloudWatchLogsLogGroupArn": {
          "Fn::GetAtt": [
            "AuditLogLogGroupCEC160CB",
            "Arn",
          ],
        },
        "CloudWatchLogsRoleArn": {
          "Fn::GetAtt": [
            "AuditLogTrailLogsRole5C997FC2",
            "Arn",
          ],
        },
        "EnableLogFileValidation": true,
        "EventSelectors": [],
        "IncludeGlobalServiceEvents": true,
        "IsLogging": true,
        "IsMultiRegionTrail": true,
        "IsOrganizationTrail": true,
        "KMSKeyId": {
          "Fn::GetAtt": [
            "AuditLogStorageKeyD95120E5",
            "Arn",
          ],
        },
        "S3BucketName": {
          "Ref": "AuditLogStorage9B1900A2",
        },
      },
      "Type": "AWS::CloudTrail::Trail",
    },
    "AuditLogTrailLogsRole5C997FC2": {
      "Properties": {
        "AssumeRolePolicyDocument": {
          "Statement": [
            {
              "Action": "sts:AssumeRole",
              "Effect": "Allow",
              "Principal": {
                "Service": "cloudtrail.amazonaws.com",
              },
            },
          ],
          "Version": "2012-10-17",
        },
      },
      "Type": "AWS::IAM::Role",
    },
    "AuditLogTrailLogsRoleDefaultPolicy1FE1E3B2": {
      "Properties": {
        "PolicyDocument": {
          "Statement": [
            {
              "Action": [
                "logs:PutLogEvents",
                "logs:CreateLogStream",
              ],
              "Effect": "Allow",
              "Resource": {
                "Fn::GetAtt": [
                  "AuditLogLogGroupCEC160CB",
                  "Arn",
                ],
              },
            },
          ],
          "Version": "2012-10-17",
        },
        "PolicyName": "AuditLogTrailLogsRoleDefaultPolicy1FE1E3B2",
        "Roles": [
          {
            "Ref": "AuditLogTrailLogsRole5C997FC2",
          },
        ],
      },
      "Type": "AWS::IAM::Policy",
    },
  },
  "Rules": {
    "CheckBootstrapVersion": {
      "Assertions": [
        {
          "Assert": {
            "Fn::Not": [
              {
                "Fn::Contains": [
                  [
                    "1",
                    "2",
                    "3",
                    "4",
                    "5",
                  ],
                  {
                    "Ref": "BootstrapVersion",
                  },
                ],
              },
            ],
          },
          "AssertDescription": "CDK bootstrap stack version 6 required. Please run 'cdk bootstrap' with a recent version of the CDK CLI.",
        },
      ],
    },
  },
}
`;
